2026-07-30T05:42:17.948Z [INFO] Driver created for browser: chrome
2026-07-30T05:42:17.952Z [INFO] Opening URL: https://bluehorizon.blue-horizon.workers.dev
2026-07-30T05:42:20.316Z [INFO] Driver created for browser: chrome
2026-07-30T05:42:20.317Z [INFO] Opening URL: https://bluehorizon.blue-horizon.workers.dev/login
2026-07-30T05:42:22.051Z [INFO] Driver created for browser: chrome
2026-07-30T05:42:22.052Z [INFO] Opening URL: https://bluehorizon.blue-horizon.workers.dev/login
2026-07-30T05:42:39.101Z [INFO] Driver created for browser: chrome
2026-07-30T05:42:39.102Z [INFO] Opening URL: https://bluehorizon.blue-horizon.workers.dev/login
2026-07-30T05:42:56.215Z [INFO] Driver created for browser: chrome
2026-07-30T05:42:56.216Z [INFO] Opening URL: https://bluehorizon.blue-horizon.workers.dev/login
2026-07-30T05:43:13.545Z [INFO] Driver created for browser: chrome
2026-07-30T05:43:13.546Z [INFO] Opening URL: https://bluehorizon.blue-horizon.workers.dev
2026-07-30T05:43:15.229Z [INFO] Driver created for browser: chrome
2026-07-30T05:43:15.229Z [INFO] Opening URL: https://bluehorizon.blue-horizon.workers.dev/login
2026-07-30T05:43:16.911Z [INFO] Driver created for browser: chrome
2026-07-30T05:43:16.911Z [INFO] Opening URL: https://bluehorizon.blue-horizon.workers.dev/login
2026-07-30T05:43:19.728Z [INFO] Driver created for browser: chrome
2026-07-30T05:43:19.728Z [INFO] Opening URL: https://bluehorizon.blue-horizon.workers.dev
2026-07-30T05:43:21.962Z [INFO] Driver created for browser: chrome
2026-07-30T05:43:25.977Z [INFO] Driver created for browser: chrome
2026-07-30T05:43:25.977Z [INFO] Opening URL: https://bluehorizon.blue-horizon.workers.dev/login
2026-07-30T05:43:27.744Z [INFO] Driver created for browser: chrome
2026-07-30T05:43:27.745Z [INFO] Opening URL: https://bluehorizon.blue-horizon.workers.dev/login
2026-07-30T05:43:45.478Z [INFO] Driver created for browser: chrome
2026-07-30T05:43:45.479Z [INFO] Opening URL: https://bluehorizon.blue-horizon.workers.dev/login
2026-07-30T05:44:04.643Z [INFO] Driver created for browser: chrome
2026-07-30T05:44:04.643Z [INFO] Opening URL: https://bluehorizon.blue-horizon.workers.dev/login
2026-07-30T05:44:23.431Z [INFO] Driver created for browser: chrome
2026-07-30T05:44:23.432Z [INFO] Opening URL: https://bluehorizon.blue-horizon.workers.dev/login
2026-07-30T05:44:40.831Z [INFO] Driver created for browser: chrome
2026-07-30T05:44:40.832Z [INFO] Opening URL: https://bluehorizon.blue-horizon.workers.dev/login
2026-07-30T05:45:07.959Z [INFO] Driver created for browser: chrome
2026-07-30T05:45:07.960Z [INFO] Opening URL: https://bluehorizon.blue-horizon.workers.dev/login
2026-07-30T05:45:25.275Z [INFO] Driver created for browser: chrome
2026-07-30T05:45:25.276Z [INFO] Opening URL: https://bluehorizon.blue-horizon.workers.dev/login
2026-07-30T05:45:42.775Z [INFO] Driver created for browser: chrome
2026-07-30T05:45:42.775Z [INFO] Opening URL: https://bluehorizon.blue-horizon.workers.dev/login
2026-07-30T05:46:00.923Z [INFO] Driver created for browser: chrome
2026-07-30T05:46:00.923Z [INFO] Opening URL: https://bluehorizon.blue-horizon.workers.dev/login
2026-07-30T05:46:18.306Z [INFO] Driver created for browser: chrome
2026-07-30T05:46:18.306Z [INFO] Opening URL: https://bluehorizon.blue-horizon.workers.dev/login
2026-07-30T05:46:35.419Z [INFO] Driver created for browser: chrome
2026-07-30T05:46:40.088Z [INFO] Driver created for browser: chrome
2026-07-30T05:46:40.088Z [INFO] Opening URL: https://bluehorizon.blue-horizon.workers.dev/login
2026-07-30T05:46:41.321Z [INFO] Driver created for browser: chrome
2026-07-30T05:46:41.321Z [INFO] Opening URL: https://bluehorizon.blue-horizon.workers.dev/login
2026-07-30T05:46:58.704Z [INFO] Driver created for browser: chrome
2026-07-30T05:46:58.704Z [INFO] Opening URL: https://bluehorizon.blue-horizon.workers.dev/login
2026-07-30T05:47:15.834Z [INFO] Driver created for browser: chrome
2026-07-30T05:47:15.835Z [INFO] Opening URL: https://bluehorizon.blue-horizon.workers.dev/login
2026-07-30T05:47:32.875Z [INFO] Driver created for browser: chrome
2026-07-30T05:47:32.875Z [INFO] Opening URL: https://bluehorizon.blue-horizon.workers.dev/login
2026-07-30T05:47:50.304Z [INFO] Driver created for browser: chrome
2026-07-30T05:47:50.304Z [INFO] Opening URL: https://bluehorizon.blue-horizon.workers.dev/login
2026-07-30T05:48:08.619Z [INFO] Driver created for browser: chrome
2026-07-30T05:48:08.620Z [INFO] Opening URL: https://bluehorizon.blue-horizon.workers.dev/login
2026-07-30T05:48:15.584Z [INFO] Driver created for browser: chrome
2026-07-30T05:48:15.586Z [INFO] Opening URL: https://bluehorizon.blue-horizon.workers.dev
2026-07-30T05:48:17.450Z [INFO] Driver created for browser: chrome
2026-07-30T05:48:17.450Z [INFO] Opening URL: https://bluehorizon.blue-horizon.workers.dev/login
2026-07-30T05:48:19.106Z [INFO] Driver created for browser: chrome
2026-07-30T05:48:19.108Z [INFO] Opening URL: https://bluehorizon.blue-horizon.workers.dev/login
2026-07-30T05:48:25.645Z [INFO] Driver created for browser: chrome
2026-07-30T05:48:25.646Z [INFO] Opening URL: https://bluehorizon.blue-horizon.workers.dev/login
2026-07-30T05:48:36.314Z [INFO] Driver created for browser: chrome
2026-07-30T05:48:36.315Z [INFO] Opening URL: https://bluehorizon.blue-horizon.workers.dev/login
2026-07-30T05:48:42.637Z [INFO] Driver created for browser: chrome
2026-07-30T05:48:42.637Z [INFO] Opening URL: https://bluehorizon.blue-horizon.workers.dev/login
2026-07-30T05:48:44.002Z [INFO] Driver created for browser: chrome
2026-07-30T05:48:44.006Z [INFO] Opening URL: https://bluehorizon.blue-horizon.workers.dev/login
2026-07-30T05:48:53.520Z [INFO] Driver created for browser: chrome
2026-07-30T05:48:53.521Z [INFO] Opening URL: https://bluehorizon.blue-horizon.workers.dev/login
2026-07-30T05:49:01.039Z [INFO] Driver created for browser: chrome
2026-07-30T05:49:01.040Z [INFO] Opening URL: https://bluehorizon.blue-horizon.workers.dev/login
2026-07-30T05:49:10.532Z [INFO] Driver created for browser: chrome
2026-07-30T05:49:10.533Z [INFO] Opening URL: https://bluehorizon.blue-horizon.workers.dev
2026-07-30T05:49:12.799Z [INFO] Driver created for browser: chrome
2026-07-30T05:49:12.799Z [INFO] Opening URL: https://bluehorizon.blue-horizon.workers.dev/login
2026-07-30T05:49:15.459Z [INFO] Driver created for browser: chrome
2026-07-30T05:49:15.460Z [INFO] Opening URL: https://bluehorizon.blue-horizon.workers.dev/login
2026-07-30T05:49:17.964Z [INFO] Driver created for browser: chrome
2026-07-30T05:49:17.964Z [INFO] Opening URL: https://bluehorizon.blue-horizon.workers.dev/login
2026-07-30T05:49:34.099Z [INFO] Driver created for browser: chrome
2026-07-30T05:49:34.100Z [INFO] Opening URL: https://bluehorizon.blue-horizon.workers.dev
2026-07-30T05:49:35.419Z [INFO] Driver created for browser: chrome
2026-07-30T05:49:35.419Z [INFO] Opening URL: https://bluehorizon.blue-horizon.workers.dev/login
2026-07-30T05:49:37.898Z [INFO] Driver created for browser: chrome
2026-07-30T05:49:41.430Z [INFO] Driver created for browser: chrome
2026-07-30T05:49:41.431Z [INFO] Opening URL: https://bluehorizon.blue-horizon.workers.dev/login
2026-07-30T05:49:43.034Z [INFO] Driver created for browser: chrome
2026-07-30T05:49:43.035Z [INFO] Opening URL: https://bluehorizon.blue-horizon.workers.dev/login
2026-07-30T05:49:53.399Z [INFO] Driver created for browser: chrome
2026-07-30T05:49:56.790Z [INFO] Driver created for browser: chrome
2026-07-30T05:49:56.790Z [INFO] Opening URL: https://bluehorizon.blue-horizon.workers.dev/login
2026-07-30T05:49:58.297Z [INFO] Driver created for browser: chrome
2026-07-30T05:49:58.298Z [INFO] Opening URL: https://bluehorizon.blue-horizon.workers.dev/login
2026-07-30T05:50:00.141Z [INFO] Driver created for browser: chrome
2026-07-30T05:50:00.142Z [INFO] Opening URL: https://bluehorizon.blue-horizon.workers.dev/login
2026-07-30T05:50:15.524Z [INFO] Driver created for browser: chrome
2026-07-30T05:50:15.525Z [INFO] Opening URL: https://bluehorizon.blue-horizon.workers.dev/login
2026-07-30T05:50:17.254Z [INFO] Driver created for browser: chrome
2026-07-30T05:50:17.255Z [INFO] Opening URL: https://bluehorizon.blue-horizon.workers.dev/login
2026-07-30T05:50:32.341Z [INFO] Driver created for browser: chrome
2026-07-30T05:50:32.341Z [INFO] Opening URL: https://bluehorizon.blue-horizon.workers.dev/login
2026-07-30T05:50:34.797Z [INFO] Driver created for browser: chrome
2026-07-30T05:50:34.798Z [INFO] Opening URL: https://bluehorizon.blue-horizon.workers.dev/login
2026-07-30T05:50:49.747Z [INFO] Driver created for browser: chrome
2026-07-30T05:50:49.747Z [INFO] Opening URL: https://bluehorizon.blue-horizon.workers.dev/login
2026-07-30T05:50:51.915Z [INFO] Driver created for browser: chrome
2026-07-30T05:50:51.915Z [INFO] Opening URL: https://bluehorizon.blue-horizon.workers.dev/login
2026-07-30T05:51:06.661Z [INFO] Driver created for browser: chrome
2026-07-30T05:51:06.662Z [INFO] Opening URL: https://bluehorizon.blue-horizon.workers.dev/login
2026-07-30T05:51:09.488Z [INFO] Driver created for browser: chrome
2026-07-30T05:51:09.489Z [INFO] Opening URL: https://bluehorizon.blue-horizon.workers.dev/login
2026-07-30T05:51:24.085Z [INFO] Driver created for browser: chrome
2026-07-30T05:51:24.086Z [INFO] Opening URL: https://bluehorizon.blue-horizon.workers.dev/login
2026-07-30T05:51:27.064Z [INFO] Driver created for browser: chrome
2026-07-30T05:51:27.072Z [INFO] Opening URL: https://bluehorizon.blue-horizon.workers.dev/login
2026-07-30T05:51:43.258Z [INFO] Driver created for browser: chrome
2026-07-30T05:51:43.260Z [INFO] Opening URL: https://bluehorizon.blue-horizon.workers.dev/login
2026-07-30T05:51:45.837Z [INFO] Driver created for browser: chrome
2026-07-30T05:51:45.837Z [INFO] Opening URL: https://bluehorizon.blue-horizon.workers.dev/login
2026-07-30T05:51:46.529Z [INFO] Driver created for browser: chrome
2026-07-30T05:51:46.537Z [INFO] Opening URL: https://bluehorizon.blue-horizon.workers.dev/login
2026-07-30T05:52:04.208Z [INFO] Driver created for browser: chrome
2026-07-30T05:52:04.209Z [INFO] Opening URL: https://bluehorizon.blue-horizon.workers.dev/login
2026-07-30T05:52:04.913Z [INFO] Driver created for browser: chrome
2026-07-30T05:52:04.917Z [INFO] Opening URL: https://bluehorizon.blue-horizon.workers.dev/login
2026-07-30T05:52:09.409Z [INFO] Driver created for browser: chrome
2026-07-30T05:52:09.410Z [INFO] Opening URL: https://bluehorizon.blue-horizon.workers.dev/login
2026-07-30T05:52:30.828Z [INFO] Driver created for browser: chrome
2026-07-30T05:52:31.295Z [INFO] Driver created for browser: chrome
2026-07-30T05:52:31.297Z [INFO] Opening URL: https://bluehorizon.blue-horizon.workers.dev/login
2026-07-30T05:52:43.184Z [INFO] Driver created for browser: chrome
2026-07-30T05:52:43.185Z [INFO] Opening URL: https://bluehorizon.blue-horizon.workers.dev/login
2026-07-30T05:52:51.470Z [INFO] Driver created for browser: chrome
2026-07-30T05:52:51.470Z [INFO] Opening URL: https://bluehorizon.blue-horizon.workers.dev/login
2026-07-30T05:52:57.382Z [INFO] Driver created for browser: chrome
2026-07-30T05:52:57.383Z [INFO] Opening URL: https://bluehorizon.blue-horizon.workers.dev/login
2026-07-30T05:53:14.903Z [INFO] Driver created for browser: chrome
2026-07-30T05:53:14.904Z [INFO] Opening URL: https://bluehorizon.blue-horizon.workers.dev/login
2026-07-30T05:53:15.162Z [INFO] Driver created for browser: chrome
2026-07-30T05:53:15.164Z [INFO] Opening URL: https://bluehorizon.blue-horizon.workers.dev/login
2026-07-30T05:53:33.685Z [INFO] Driver created for browser: chrome
2026-07-30T05:53:33.686Z [INFO] Opening URL: https://bluehorizon.blue-horizon.workers.dev/login
2026-07-30T05:53:33.806Z [INFO] Driver created for browser: chrome
2026-07-30T05:53:33.806Z [INFO] Opening URL: https://bluehorizon.blue-horizon.workers.dev/login
2026-07-30T05:53:36.008Z [INFO] Driver created for browser: chrome
2026-07-30T05:53:36.009Z [INFO] Opening URL: https://bluehorizon.blue-horizon.workers.dev/login
2026-07-30T05:53:51.114Z [INFO] Driver created for browser: chrome
2026-07-30T05:53:51.117Z [INFO] Opening URL: https://bluehorizon.blue-horizon.workers.dev
2026-07-30T05:53:53.072Z [INFO] Driver created for browser: chrome
2026-07-30T05:53:53.072Z [INFO] Opening URL: https://bluehorizon.blue-horizon.workers.dev/login
2026-07-30T05:53:53.875Z [INFO] Driver created for browser: chrome
2026-07-30T05:53:53.876Z [INFO] Opening URL: https://bluehorizon.blue-horizon.workers.dev
2026-07-30T05:53:56.347Z [INFO] Driver created for browser: chrome
2026-07-30T05:53:56.348Z [INFO] Opening URL: https://bluehorizon.blue-horizon.workers.dev/login
2026-07-30T05:53:56.683Z [INFO] Driver created for browser: chrome
2026-07-30T05:53:56.685Z [INFO] Opening URL: https://bluehorizon.blue-horizon.workers.dev
2026-07-30T05:53:59.692Z [INFO] Driver created for browser: chrome
2026-07-30T05:54:08.579Z [INFO] Driver created for browser: chrome
2026-07-30T05:54:13.711Z [INFO] Driver created for browser: chrome
2026-07-30T05:54:14.507Z [INFO] Driver created for browser: chrome
2026-07-30T05:54:14.509Z [INFO] Opening URL: https://bluehorizon.blue-horizon.workers.dev/login
2026-07-30T05:54:17.093Z [INFO] Driver created for browser: chrome
2026-07-30T05:54:17.093Z [INFO] Opening URL: https://bluehorizon.blue-horizon.workers.dev/login
2026-07-30T05:54:19.809Z [INFO] Driver created for browser: chrome
2026-07-30T05:54:19.817Z [INFO] Opening URL: https://bluehorizon.blue-horizon.workers.dev/forgot-password
2026-07-30T05:54:23.388Z [INFO] Driver created for browser: chrome
2026-07-30T05:54:23.388Z [INFO] Opening URL: https://bluehorizon.blue-horizon.workers.dev/login
2026-07-30T05:54:32.540Z [INFO] Driver created for browser: chrome
2026-07-30T05:54:32.541Z [INFO] Opening URL: https://bluehorizon.blue-horizon.workers.dev/login
2026-07-30T05:54:34.670Z [INFO] Driver created for browser: chrome
2026-07-30T05:54:34.671Z [INFO] Opening URL: https://bluehorizon.blue-horizon.workers.dev/login
2026-07-30T05:54:43.032Z [INFO] Driver created for browser: chrome
2026-07-30T05:54:43.033Z [INFO] Opening URL: https://bluehorizon.blue-horizon.workers.dev/login
2026-07-30T05:54:45.110Z [INFO] Driver created for browser: chrome
2026-07-30T05:54:45.112Z [INFO] Opening URL: https://bluehorizon.blue-horizon.workers.dev/login
2026-07-30T05:54:53.095Z [INFO] Driver created for browser: chrome
2026-07-30T05:54:53.095Z [INFO] Opening URL: https://bluehorizon.blue-horizon.workers.dev/login
2026-07-30T05:55:02.107Z [INFO] Driver created for browser: chrome
2026-07-30T05:55:05.966Z [INFO] Driver created for browser: chrome
2026-07-30T05:55:05.967Z [INFO] Opening URL: https://bluehorizon.blue-horizon.workers.dev/xyz-unknown-route-9999
2026-07-30T05:55:09.192Z [INFO] Driver created for browser: chrome
2026-07-30T05:55:10.817Z [INFO] Driver created for browser: chrome
2026-07-30T05:55:10.818Z [INFO] Opening URL: https://bluehorizon.blue-horizon.workers.dev/login
2026-07-30T05:55:12.625Z [INFO] Driver created for browser: chrome
2026-07-30T05:55:15.914Z [INFO] Driver created for browser: chrome
2026-07-30T05:55:18.699Z [INFO] Driver created for browser: chrome
2026-07-30T05:55:21.530Z [INFO] Driver created for browser: chrome
2026-07-30T05:55:21.531Z [INFO] Opening URL: https://bluehorizon.blue-horizon.workers.dev
2026-07-30T05:55:22.251Z [INFO] Opening URL: https://bluehorizon.blue-horizon.workers.dev/login
2026-07-30T05:55:24.371Z [INFO] Driver created for browser: chrome
2026-07-30T05:55:28.078Z [INFO] Driver created for browser: chrome
2026-07-30T05:55:28.078Z [INFO] Opening URL: https://bluehorizon.blue-horizon.workers.dev/login
2026-07-30T05:55:29.210Z [INFO] Driver created for browser: chrome
2026-07-30T05:55:29.211Z [INFO] Opening URL: https://bluehorizon.blue-horizon.workers.dev/login
2026-07-30T05:55:32.537Z [INFO] Driver created for browser: chrome
2026-07-30T05:55:34.834Z [INFO] Driver created for browser: chrome
2026-07-30T05:55:37.081Z [INFO] Driver created for browser: chrome
2026-07-30T05:55:37.081Z [INFO] Opening URL: https://bluehorizon.blue-horizon.workers.dev/login
2026-07-30T05:55:45.341Z [INFO] Driver created for browser: chrome
2026-07-30T05:55:48.434Z [INFO] Driver created for browser: chrome
2026-07-30T05:55:48.435Z [INFO] Opening URL: https://bluehorizon.blue-horizon.workers.dev/login
2026-07-30T05:55:50.010Z [INFO] Driver created for browser: chrome
2026-07-30T05:55:50.010Z [INFO] Opening URL: https://bluehorizon.blue-horizon.workers.dev/login
2026-07-30T05:55:53.976Z [INFO] Driver created for browser: chrome
2026-07-30T05:55:53.977Z [INFO] Opening URL: https://bluehorizon.blue-horizon.workers.dev/login
2026-07-30T05:56:07.155Z [INFO] Driver created for browser: chrome
2026-07-30T05:56:07.156Z [INFO] Opening URL: https://bluehorizon.blue-horizon.workers.dev/login
2026-07-30T05:56:11.360Z [INFO] Driver created for browser: chrome
2026-07-30T05:56:11.361Z [INFO] Opening URL: https://bluehorizon.blue-horizon.workers.dev/login
2026-07-30T05:56:24.584Z [INFO] Driver created for browser: chrome
2026-07-30T05:56:24.586Z [INFO] Opening URL: https://bluehorizon.blue-horizon.workers.dev/login
2026-07-30T05:56:29.209Z [INFO] Driver created for browser: chrome
2026-07-30T05:56:29.210Z [INFO] Opening URL: https://bluehorizon.blue-horizon.workers.dev/login
2026-07-30T05:56:41.815Z [INFO] Driver created for browser: chrome
2026-07-30T05:56:41.815Z [INFO] Opening URL: https://bluehorizon.blue-horizon.workers.dev/login
2026-07-30T05:56:46.142Z [INFO] Driver created for browser: chrome
2026-07-30T05:56:46.143Z [INFO] Opening URL: https://bluehorizon.blue-horizon.workers.dev/login
2026-07-30T05:56:47.823Z [INFO] Driver created for browser: chrome
2026-07-30T05:56:47.824Z [INFO] Opening URL: https://bluehorizon.blue-horizon.workers.dev/login
2026-07-30T05:56:49.592Z [INFO] Driver created for browser: chrome
2026-07-30T05:56:49.593Z [INFO] Opening URL: https://bluehorizon.blue-horizon.workers.dev/login
2026-07-30T05:56:59.322Z [INFO] Driver created for browser: chrome
2026-07-30T05:56:59.323Z [INFO] Opening URL: https://bluehorizon.blue-horizon.workers.dev/login
2026-07-30T05:57:06.729Z [INFO] Driver created for browser: chrome
2026-07-30T05:57:06.730Z [INFO] Opening URL: https://bluehorizon.blue-horizon.workers.dev/login
2026-07-30T05:57:08.477Z [INFO] Driver created for browser: chrome
2026-07-30T05:57:08.477Z [INFO] Opening URL: https://bluehorizon.blue-horizon.workers.dev/login
2026-07-30T05:57:15.014Z [INFO] Driver created for browser: chrome
2026-07-30T05:57:15.015Z [INFO] Opening URL: https://bluehorizon.blue-horizon.workers.dev/login
2026-07-30T05:57:16.296Z [INFO] Driver created for browser: chrome
2026-07-30T05:57:16.298Z [INFO] Opening URL: https://bluehorizon.blue-horizon.workers.dev/login
2026-07-30T05:57:27.409Z [INFO] Driver created for browser: chrome
2026-07-30T05:57:27.410Z [INFO] Opening URL: https://bluehorizon.blue-horizon.workers.dev/login
2026-07-30T05:57:33.547Z [INFO] Driver created for browser: chrome
2026-07-30T05:57:33.547Z [INFO] Opening URL: https://bluehorizon.blue-horizon.workers.dev/login
2026-07-30T05:57:35.259Z [INFO] Driver created for browser: chrome
2026-07-30T05:57:35.260Z [INFO] Opening URL: https://bluehorizon.blue-horizon.workers.dev/login
2026-07-30T05:57:44.629Z [INFO] Driver created for browser: chrome
2026-07-30T05:57:44.629Z [INFO] Opening URL: https://bluehorizon.blue-horizon.workers.dev/login
2026-07-30T05:57:53.557Z [INFO] Driver created for browser: chrome
2026-07-30T05:57:53.557Z [INFO] Opening URL: https://bluehorizon.blue-horizon.workers.dev/login
2026-07-30T05:58:03.420Z [INFO] Driver created for browser: chrome
2026-07-30T05:58:03.420Z [INFO] Opening URL: https://bluehorizon.blue-horizon.workers.dev/login
2026-07-30T05:58:05.433Z [INFO] Driver created for browser: chrome
2026-07-30T05:58:05.434Z [INFO] Opening URL: https://bluehorizon.blue-horizon.workers.dev/login
2026-07-30T05:58:10.653Z [INFO] Driver created for browser: chrome
2026-07-30T05:58:10.653Z [INFO] Opening URL: https://bluehorizon.blue-horizon.workers.dev/login
2026-07-30T05:58:22.660Z [INFO] Driver created for browser: chrome
2026-07-30T05:58:22.661Z [INFO] Opening URL: https://bluehorizon.blue-horizon.workers.dev/login
2026-07-30T05:58:24.913Z [INFO] Driver created for browser: chrome
2026-07-30T05:58:24.914Z [INFO] Opening URL: https://bluehorizon.blue-horizon.workers.dev/login
2026-07-30T05:58:27.467Z [INFO] Driver created for browser: chrome
2026-07-30T05:58:27.468Z [INFO] Opening URL: https://bluehorizon.blue-horizon.workers.dev/login
2026-07-30T05:58:32.373Z [INFO] Driver created for browser: chrome
2026-07-30T05:58:32.373Z [INFO] Opening URL: https://bluehorizon.blue-horizon.workers.dev/login
2026-07-30T05:58:39.020Z [INFO] Driver created for browser: chrome
2026-07-30T05:58:39.021Z [INFO] Opening URL: https://bluehorizon.blue-horizon.workers.dev/login
2026-07-30T05:58:45.037Z [INFO] Driver created for browser: chrome
2026-07-30T05:58:45.037Z [INFO] Opening URL: https://bluehorizon.blue-horizon.workers.dev/login
2026-07-30T05:59:09.343Z [INFO] Driver created for browser: chrome
2026-07-30T05:59:09.352Z [INFO] Opening URL: https://bluehorizon.blue-horizon.workers.dev/login
2026-07-30T05:59:13.188Z [INFO] Driver created for browser: chrome
2026-07-30T05:59:13.190Z [INFO] Opening URL: https://bluehorizon.blue-horizon.workers.dev/login
2026-07-30T05:59:28.475Z [INFO] Driver created for browser: chrome
2026-07-30T05:59:28.479Z [INFO] Opening URL: https://bluehorizon.blue-horizon.workers.dev/login
2026-07-30T05:59:28.634Z [INFO] Driver created for browser: chrome
2026-07-30T05:59:28.638Z [INFO] Opening URL: https://bluehorizon.blue-horizon.workers.dev/forgot-password
2026-07-30T05:59:31.178Z [INFO] Driver created for browser: chrome
2026-07-30T05:59:31.178Z [INFO] Opening URL: https://bluehorizon.blue-horizon.workers.dev/forgot-password
2026-07-30T05:59:45.726Z [INFO] Driver created for browser: chrome
2026-07-30T05:59:45.727Z [INFO] Opening URL: https://bluehorizon.blue-horizon.workers.dev
2026-07-30T05:59:47.405Z [INFO] Driver created for browser: chrome
2026-07-30T05:59:47.405Z [INFO] Opening URL: https://bluehorizon.blue-horizon.workers.dev
2026-07-30T05:59:51.790Z [INFO] Driver created for browser: chrome
2026-07-30T05:59:51.791Z [INFO] Opening URL: https://bluehorizon.blue-horizon.workers.dev
2026-07-30T05:59:53.920Z [INFO] Driver created for browser: chrome
2026-07-30T05:59:55.997Z [INFO] Driver created for browser: chrome
2026-07-30T05:59:55.997Z [INFO] Opening URL: https://bluehorizon.blue-horizon.workers.dev/forgot-password
2026-07-30T06:00:02.788Z [INFO] Driver created for browser: chrome
2026-07-30T06:00:05.176Z [INFO] Driver created for browser: chrome
2026-07-30T06:00:07.445Z [INFO] Driver created for browser: chrome
2026-07-30T06:00:07.446Z [INFO] Opening URL: https://bluehorizon.blue-horizon.workers.dev/login
2026-07-30T06:00:10.754Z [INFO] Driver created for browser: chrome
2026-07-30T06:00:10.755Z [INFO] Opening URL: https://bluehorizon.blue-horizon.workers.dev/forgot-password
2026-07-30T06:00:12.320Z [INFO] Driver created for browser: chrome
2026-07-30T06:00:12.320Z [INFO] Opening URL: https://bluehorizon.blue-horizon.workers.dev/login
2026-07-30T06:00:15.855Z [INFO] Driver created for browser: chrome
2026-07-30T06:00:15.856Z [INFO] Opening URL: https://bluehorizon.blue-horizon.workers.dev/forgot-password
2026-07-30T06:00:31.487Z [INFO] Driver created for browser: chrome
2026-07-30T06:00:31.488Z [INFO] Opening URL: https://bluehorizon.blue-horizon.workers.dev/login
2026-07-30T06:00:33.818Z [INFO] Driver created for browser: chrome
2026-07-30T06:00:33.820Z [INFO] Opening URL: https://bluehorizon.blue-horizon.workers.dev/forgot-password
2026-07-30T06:00:35.791Z [INFO] Driver created for browser: chrome
2026-07-30T06:00:35.792Z [INFO] Opening URL: https://bluehorizon.blue-horizon.workers.dev
2026-07-30T06:00:37.133Z [INFO] Driver created for browser: chrome
2026-07-30T06:00:37.133Z [INFO] Opening URL: https://bluehorizon.blue-horizon.workers.dev/login
2026-07-30T06:00:39.284Z [INFO] Driver created for browser: chrome
2026-07-30T06:00:39.285Z [INFO] Opening URL: https://bluehorizon.blue-horizon.workers.dev/login
2026-07-30T06:00:46.269Z [INFO] Driver created for browser: chrome
2026-07-30T06:00:46.270Z [INFO] Opening URL: https://bluehorizon.blue-horizon.workers.dev/login
2026-07-30T06:00:48.518Z [INFO] Driver created for browser: chrome
2026-07-30T06:00:48.518Z [INFO] Opening URL: https://bluehorizon.blue-horizon.workers.dev/login
2026-07-30T06:00:49.212Z [INFO] Driver created for browser: chrome
2026-07-30T06:00:49.213Z [INFO] Opening URL: https://bluehorizon.blue-horizon.workers.dev/login
2026-07-30T06:00:55.468Z [INFO] Driver created for browser: chrome
2026-07-30T06:00:55.468Z [INFO] Opening URL: https://bluehorizon.blue-horizon.workers.dev/login
2026-07-30T06:01:06.290Z [INFO] Driver created for browser: chrome
2026-07-30T06:01:10.094Z [INFO] Driver created for browser: chrome
2026-07-30T06:01:10.094Z [INFO] Opening URL: https://bluehorizon.blue-horizon.workers.dev/xyz-unknown-route-9999
2026-07-30T06:01:14.216Z [INFO] Driver created for browser: chrome
2026-07-30T06:01:15.425Z [INFO] Driver created for browser: chrome
2026-07-30T06:01:15.425Z [INFO] Opening URL: https://bluehorizon.blue-horizon.workers.dev
2026-07-30T06:01:17.257Z [INFO] Driver created for browser: chrome
2026-07-30T06:01:17.258Z [INFO] Opening URL: https://bluehorizon.blue-horizon.workers.dev/login
2026-07-30T06:01:17.921Z [INFO] Driver created for browser: chrome
2026-07-30T06:01:19.148Z [INFO] Driver created for browser: chrome
2026-07-30T06:01:19.151Z [INFO] Opening URL: https://bluehorizon.blue-horizon.workers.dev
2026-07-30T06:01:21.194Z [INFO] Driver created for browser: chrome
2026-07-30T06:01:22.096Z [INFO] Driver created for browser: chrome
2026-07-30T06:01:22.097Z [INFO] Opening URL: https://bluehorizon.blue-horizon.workers.dev
2026-07-30T06:01:24.329Z [INFO] Driver created for browser: chrome
2026-07-30T06:01:25.254Z [INFO] Driver created for browser: chrome
2026-07-30T06:01:25.255Z [INFO] Opening URL: https://bluehorizon.blue-horizon.workers.dev/login
2026-07-30T06:01:27.676Z [INFO] Driver created for browser: chrome
2026-07-30T06:01:27.676Z [INFO] Opening URL: https://bluehorizon.blue-horizon.workers.dev
2026-07-30T06:01:28.969Z [INFO] Opening URL: https://bluehorizon.blue-horizon.workers.dev/login
2026-07-30T06:01:31.323Z [INFO] Driver created for browser: chrome
2026-07-30T06:01:35.730Z [INFO] Driver created for browser: chrome
2026-07-30T06:01:35.731Z [INFO] Opening URL: https://bluehorizon.blue-horizon.workers.dev/login
2026-07-30T06:01:39.107Z [INFO] Driver created for browser: chrome
2026-07-30T06:01:41.931Z [INFO] Driver created for browser: chrome
2026-07-30T06:01:44.064Z [INFO] Driver created for browser: chrome
2026-07-30T06:01:44.067Z [INFO] Opening URL: https://bluehorizon.blue-horizon.workers.dev/login
2026-07-30T06:01:44.774Z [INFO] Driver created for browser: chrome
2026-07-30T06:01:44.774Z [INFO] Opening URL: https://bluehorizon.blue-horizon.workers.dev/login
2026-07-30T06:02:01.716Z [INFO] Driver created for browser: chrome
2026-07-30T06:02:01.717Z [INFO] Opening URL: https://bluehorizon.blue-horizon.workers.dev/login
2026-07-30T06:02:02.387Z [INFO] Driver created for browser: chrome
2026-07-30T06:02:02.387Z [INFO] Opening URL: https://bluehorizon.blue-horizon.workers.dev/login
2026-07-30T06:02:19.023Z [INFO] Driver created for browser: chrome
2026-07-30T06:02:20.134Z [INFO] Driver created for browser: chrome
2026-07-30T06:02:20.135Z [INFO] Opening URL: https://bluehorizon.blue-horizon.workers.dev/login
2026-07-30T06:02:23.563Z [INFO] Driver created for browser: chrome
2026-07-30T06:02:28.206Z [INFO] Driver created for browser: chrome
2026-07-30T06:02:29.313Z [INFO] Driver created for browser: chrome
2026-07-30T06:02:32.589Z [INFO] Driver created for browser: chrome
2026-07-30T06:02:36.309Z [INFO] Driver created for browser: chrome
2026-07-30T06:02:36.310Z [INFO] Opening URL: https://bluehorizon.blue-horizon.workers.dev/login
2026-07-30T06:02:37.531Z [INFO] Driver created for browser: chrome
2026-07-30T06:02:37.531Z [INFO] Opening URL: https://bluehorizon.blue-horizon.workers.dev/login
2026-07-30T06:02:38.883Z [INFO] Driver created for browser: chrome
2026-07-30T06:02:38.884Z [INFO] Opening URL: https://bluehorizon.blue-horizon.workers.dev/login
2026-07-30T06:02:55.093Z [INFO] Driver created for browser: chrome
2026-07-30T06:02:55.094Z [INFO] Opening URL: https://bluehorizon.blue-horizon.workers.dev/login
2026-07-30T06:02:56.481Z [INFO] Driver created for browser: chrome
2026-07-30T06:02:56.483Z [INFO] Opening URL: https://bluehorizon.blue-horizon.workers.dev/login
2026-07-30T06:03:15.598Z [INFO] Driver created for browser: chrome
2026-07-30T06:03:15.599Z [INFO] Opening URL: https://bluehorizon.blue-horizon.workers.dev/login
2026-07-30T06:03:17.986Z [INFO] Driver created for browser: chrome
2026-07-30T06:03:17.987Z [INFO] Opening URL: https://bluehorizon.blue-horizon.workers.dev/login
2026-07-30T06:03:32.834Z [INFO] Driver created for browser: chrome
2026-07-30T06:03:32.838Z [INFO] Opening URL: https://bluehorizon.blue-horizon.workers.dev/login
2026-07-30T06:03:34.958Z [INFO] Driver created for browser: chrome
2026-07-30T06:03:34.959Z [INFO] Opening URL: https://bluehorizon.blue-horizon.workers.dev/login
2026-07-30T06:03:38.713Z [INFO] Driver created for browser: chrome
2026-07-30T06:03:41.816Z [INFO] Driver created for browser: chrome
2026-07-30T06:03:41.817Z [INFO] Opening URL: https://bluehorizon.blue-horizon.workers.dev/login
2026-07-30T06:03:51.186Z [INFO] Driver created for browser: chrome
2026-07-30T06:03:51.326Z [INFO] Opening URL: https://bluehorizon.blue-horizon.workers.dev/login
2026-07-30T06:04:00.415Z [INFO] Driver created for browser: chrome
2026-07-30T06:04:04.724Z [INFO] Driver created for browser: chrome
2026-07-30T06:04:09.238Z [INFO] Driver created for browser: chrome
2026-07-30T06:04:11.950Z [INFO] Driver created for browser: chrome
2026-07-30T06:04:11.951Z [INFO] Opening URL: https://bluehorizon.blue-horizon.workers.dev/login
2026-07-30T06:04:15.222Z [INFO] Driver created for browser: chrome
2026-07-30T06:04:15.223Z [INFO] Opening URL: https://bluehorizon.blue-horizon.workers.dev/login
2026-07-30T06:04:18.685Z [INFO] Driver created for browser: chrome
2026-07-30T06:04:18.686Z [INFO] Opening URL: https://bluehorizon.blue-horizon.workers.dev/login
2026-07-30T06:04:30.711Z [INFO] Driver created for browser: chrome
2026-07-30T06:04:30.712Z [INFO] Opening URL: https://bluehorizon.blue-horizon.workers.dev/login
2026-07-30T06:04:32.296Z [INFO] Driver created for browser: chrome
2026-07-30T06:04:33.180Z [INFO] Driver created for browser: chrome
2026-07-30T06:04:33.182Z [INFO] Opening URL: https://bluehorizon.blue-horizon.workers.dev/login
2026-07-30T06:04:42.139Z [INFO] Driver created for browser: chrome
2026-07-30T06:04:45.577Z [INFO] Driver created for browser: chrome
2026-07-30T06:04:47.935Z [INFO] Driver created for browser: chrome
2026-07-30T06:04:47.936Z [INFO] Opening URL: https://bluehorizon.blue-horizon.workers.dev/login
2026-07-30T06:04:49.137Z [INFO] Driver created for browser: chrome
2026-07-30T06:04:52.443Z [INFO] Driver created for browser: chrome
2026-07-30T06:04:53.412Z [INFO] Driver created for browser: chrome
2026-07-30T06:04:57.554Z [INFO] Driver created for browser: chrome
2026-07-30T06:05:01.155Z [INFO] Driver created for browser: chrome
2026-07-30T06:05:01.156Z [INFO] Opening URL: https://bluehorizon.blue-horizon.workers.dev/login
2026-07-30T06:05:05.807Z [INFO] Driver created for browser: chrome
2026-07-30T06:05:05.808Z [INFO] Opening URL: https://bluehorizon.blue-horizon.workers.dev/login
2026-07-30T06:05:20.255Z [INFO] Driver created for browser: chrome
2026-07-30T06:05:20.256Z [INFO] Opening URL: https://bluehorizon.blue-horizon.workers.dev/login
2026-07-30T06:05:23.519Z [INFO] Driver created for browser: chrome
2026-07-30T06:05:23.520Z [INFO] Opening URL: https://bluehorizon.blue-horizon.workers.dev/login
2026-07-30T06:05:39.270Z [INFO] Driver created for browser: chrome
2026-07-30T06:05:39.270Z [INFO] Opening URL: https://bluehorizon.blue-horizon.workers.dev/login
2026-07-30T06:05:41.005Z [INFO] Driver created for browser: chrome
2026-07-30T06:05:44.468Z [INFO] Driver created for browser: chrome
2026-07-30T06:05:45.519Z [INFO] Driver created for browser: chrome
2026-07-30T06:05:46.801Z [INFO] Driver created for browser: chrome
2026-07-30T06:05:46.799Z [INFO] Driver created for browser: chrome
2026-07-30T06:05:46.802Z [INFO] Opening URL: https://bluehorizon.blue-horizon.workers.dev/login
2026-07-30T06:05:46.800Z [INFO] Opening URL: https://bluehorizon.blue-horizon.workers.dev/login
2026-07-30T06:05:49.699Z [INFO] Driver created for browser: chrome
2026-07-30T06:05:49.700Z [INFO] Opening URL: https://bluehorizon.blue-horizon.workers.dev/login
2026-07-30T06:05:50.031Z [INFO] Driver created for browser: chrome
2026-07-30T06:05:55.954Z [INFO] Driver created for browser: chrome
2026-07-30T06:05:55.954Z [INFO] Opening URL: https://bluehorizon.blue-horizon.workers.dev/login
2026-07-30T06:06:01.720Z [INFO] Driver created for browser: chrome
2026-07-30T06:06:01.721Z [INFO] Opening URL: https://bluehorizon.blue-horizon.workers.dev
2026-07-30T06:06:02.796Z [INFO] Driver created for browser: chrome
2026-07-30T06:06:02.796Z [INFO] Opening URL: https://bluehorizon.blue-horizon.workers.dev/login
2026-07-30T06:06:03.459Z [INFO] Driver created for browser: chrome
2026-07-30T06:06:03.459Z [INFO] Opening URL: https://bluehorizon.blue-horizon.workers.dev/login
2026-07-30T06:06:04.934Z [INFO] Driver created for browser: chrome
2026-07-30T06:06:04.935Z [INFO] Opening URL: https://bluehorizon.blue-horizon.workers.dev/login
2026-07-30T06:06:09.648Z [INFO] Driver created for browser: chrome
2026-07-30T06:06:09.649Z [INFO] Opening URL: https://bluehorizon.blue-horizon.workers.dev/login
2026-07-30T06:06:22.438Z [INFO] Driver created for browser: chrome
2026-07-30T06:06:22.444Z [INFO] Opening URL: https://bluehorizon.blue-horizon.workers.dev/login
2026-07-30T06:06:26.986Z [INFO] Driver created for browser: chrome
2026-07-30T06:06:26.988Z [INFO] Opening URL: https://bluehorizon.blue-horizon.workers.dev/login
2026-07-30T06:06:35.182Z [INFO] Driver created for browser: chrome
2026-07-30T06:06:35.184Z [INFO] Opening URL: https://bluehorizon.blue-horizon.workers.dev/forgot-password
2026-07-30T06:06:37.418Z [INFO] Driver created for browser: chrome
2026-07-30T06:06:37.420Z [INFO] Opening URL: https://bluehorizon.blue-horizon.workers.dev/forgot-password
2026-07-30T06:06:40.052Z [INFO] Driver created for browser: chrome
2026-07-30T06:06:40.056Z [INFO] Opening URL: https://bluehorizon.blue-horizon.workers.dev/login
2026-07-30T06:06:56.031Z [INFO] Driver created for browser: chrome
2026-07-30T06:06:56.032Z [INFO] Opening URL: https://bluehorizon.blue-horizon.workers.dev/forgot-password
2026-07-30T06:06:58.147Z [INFO] Driver created for browser: chrome
2026-07-30T06:06:58.149Z [INFO] Opening URL: https://bluehorizon.blue-horizon.workers.dev
2026-07-30T06:07:00.640Z [INFO] Driver created for browser: chrome
2026-07-30T06:07:00.642Z [INFO] Opening URL: https://bluehorizon.blue-horizon.workers.dev/login
2026-07-30T06:07:02.573Z [INFO] Driver created for browser: chrome
2026-07-30T06:07:02.576Z [INFO] Opening URL: https://bluehorizon.blue-horizon.workers.dev/login
2026-07-30T06:07:14.845Z [INFO] Driver created for browser: chrome
2026-07-30T06:07:14.845Z [INFO] Opening URL: https://bluehorizon.blue-horizon.workers.dev/forgot-password
2026-07-30T06:07:20.002Z [INFO] Driver created for browser: chrome
2026-07-30T06:07:20.003Z [INFO] Opening URL: https://bluehorizon.blue-horizon.workers.dev
2026-07-30T06:07:22.012Z [INFO] Driver created for browser: chrome
2026-07-30T06:07:25.650Z [INFO] Driver created for browser: chrome
2026-07-30T06:07:25.651Z [INFO] Opening URL: https://bluehorizon.blue-horizon.workers.dev/login
2026-07-30T06:07:27.302Z [INFO] Driver created for browser: chrome
2026-07-30T06:07:27.303Z [INFO] Opening URL: https://bluehorizon.blue-horizon.workers.dev/login
2026-07-30T06:07:32.999Z [INFO] Driver created for browser: chrome
2026-07-30T06:07:32.999Z [INFO] Opening URL: https://bluehorizon.blue-horizon.workers.dev/forgot-password
2026-07-30T06:07:35.649Z [INFO] Driver created for browser: chrome
2026-07-30T06:07:35.650Z [INFO] Opening URL: https://bluehorizon.blue-horizon.workers.dev
2026-07-30T06:07:36.974Z [INFO] Driver created for browser: chrome
2026-07-30T06:07:36.975Z [INFO] Opening URL: https://bluehorizon.blue-horizon.workers.dev/login
2026-07-30T06:07:38.560Z [INFO] Driver created for browser: chrome
2026-07-30T06:07:38.561Z [INFO] Opening URL: https://bluehorizon.blue-horizon.workers.dev/login
2026-07-30T06:07:42.201Z [INFO] Driver created for browser: chrome
2026-07-30T06:07:42.201Z [INFO] Opening URL: https://bluehorizon.blue-horizon.workers.dev/login
2026-07-30T06:07:44.502Z [INFO] Driver created for browser: chrome
2026-07-30T06:07:44.503Z [INFO] Opening URL: https://bluehorizon.blue-horizon.workers.dev/login
2026-07-30T06:07:45.406Z [INFO] Driver created for browser: chrome
2026-07-30T06:07:45.406Z [INFO] Opening URL: https://bluehorizon.blue-horizon.workers.dev/login
2026-07-30T06:07:52.048Z [INFO] Driver created for browser: chrome
2026-07-30T06:07:52.048Z [INFO] Opening URL: https://bluehorizon.blue-horizon.workers.dev/login
2026-07-30T06:08:03.009Z [INFO] Driver created for browser: chrome
2026-07-30T06:08:03.010Z [INFO] Opening URL: https://bluehorizon.blue-horizon.workers.dev/login
2026-07-30T06:08:09.264Z [INFO] Driver created for browser: chrome
2026-07-30T06:08:09.265Z [INFO] Opening URL: https://bluehorizon.blue-horizon.workers.dev
2026-07-30T06:08:11.052Z [INFO] Driver created for browser: chrome
2026-07-30T06:08:11.053Z [INFO] Opening URL: https://bluehorizon.blue-horizon.workers.dev/login
2026-07-30T06:08:12.640Z [INFO] Driver created for browser: chrome
2026-07-30T06:08:12.640Z [INFO] Opening URL: https://bluehorizon.blue-horizon.workers.dev
2026-07-30T06:08:14.575Z [INFO] Driver created for browser: chrome
2026-07-30T06:08:14.576Z [INFO] Opening URL: https://bluehorizon.blue-horizon.workers.dev
2026-07-30T06:08:16.514Z [INFO] Driver created for browser: chrome
2026-07-30T06:08:16.514Z [INFO] Opening URL: https://bluehorizon.blue-horizon.workers.dev/login
2026-07-30T06:08:19.327Z [INFO] Driver created for browser: chrome
2026-07-30T06:08:19.328Z [INFO] Opening URL: https://bluehorizon.blue-horizon.workers.dev/login
2026-07-30T06:08:22.551Z [INFO] Driver created for browser: chrome
2026-07-30T06:08:22.553Z [INFO] Opening URL: https://bluehorizon.blue-horizon.workers.dev/login
2026-07-30T06:08:40.083Z [INFO] Driver created for browser: chrome
2026-07-30T06:08:40.084Z [INFO] Opening URL: https://bluehorizon.blue-horizon.workers.dev/login
2026-07-30T06:08:40.838Z [INFO] Driver created for browser: chrome
2026-07-30T06:08:40.838Z [INFO] Opening URL: https://bluehorizon.blue-horizon.workers.dev/login
2026-07-30T06:08:57.370Z [INFO] Driver created for browser: chrome
2026-07-30T06:08:57.370Z [INFO] Opening URL: https://bluehorizon.blue-horizon.workers.dev/login
2026-07-30T06:09:02.735Z [INFO] Driver created for browser: chrome
2026-07-30T06:09:08.653Z [INFO] Driver created for browser: chrome
2026-07-30T06:09:14.782Z [INFO] Driver created for browser: chrome
2026-07-30T06:09:15.425Z [INFO] Driver created for browser: chrome
2026-07-30T06:09:15.425Z [INFO] Opening URL: https://bluehorizon.blue-horizon.workers.dev/login
2026-07-30T06:09:17.378Z [INFO] Driver created for browser: chrome
2026-07-30T06:09:18.940Z [INFO] Driver created for browser: chrome
2026-07-30T06:09:18.941Z [INFO] Opening URL: https://bluehorizon.blue-horizon.workers.dev/login
2026-07-30T06:09:25.736Z [INFO] Driver created for browser: chrome
2026-07-30T06:09:30.577Z [INFO] Driver created for browser: chrome
2026-07-30T06:09:30.578Z [INFO] Opening URL: https://bluehorizon.blue-horizon.workers.dev/login
2026-07-30T06:09:43.674Z [INFO] Driver created for browser: chrome
2026-07-30T06:09:43.676Z [INFO] Opening URL: https://bluehorizon.blue-horizon.workers.dev/login
2026-07-30T06:09:49.637Z [INFO] Driver created for browser: chrome
2026-07-30T06:09:49.643Z [INFO] Opening URL: https://bluehorizon.blue-horizon.workers.dev/login
2026-07-30T06:10:02.244Z [INFO] Driver created for browser: chrome
2026-07-30T06:10:02.244Z [INFO] Opening URL: https://bluehorizon.blue-horizon.workers.dev/login
2026-07-30T06:10:12.861Z [INFO] Driver created for browser: chrome
2026-07-30T06:10:12.870Z [INFO] Opening URL: https://bluehorizon.blue-horizon.workers.dev/login
2026-07-30T06:10:25.927Z [INFO] Driver created for browser: chrome
2026-07-30T06:10:30.499Z [INFO] Driver created for browser: chrome
2026-07-30T06:10:30.503Z [INFO] Opening URL: https://bluehorizon.blue-horizon.workers.dev/login
2026-07-30T06:10:31.143Z [INFO] Driver created for browser: chrome
2026-07-30T06:10:31.144Z [INFO] Opening URL: https://bluehorizon.blue-horizon.workers.dev/login
2026-07-30T06:10:32.439Z [INFO] Driver created for browser: chrome
2026-07-30T06:10:32.439Z [INFO] Opening URL: https://bluehorizon.blue-horizon.workers.dev/login
2026-07-30T06:10:51.118Z [INFO] Driver created for browser: chrome
2026-07-30T06:10:51.131Z [INFO] Opening URL: https://bluehorizon.blue-horizon.workers.dev/login
2026-07-30T06:10:52.020Z [INFO] Driver created for browser: chrome
2026-07-30T06:10:52.053Z [INFO] Opening URL: https://bluehorizon.blue-horizon.workers.dev/login
2026-07-30T06:10:54.493Z [INFO] Driver created for browser: chrome
2026-07-30T06:10:54.494Z [INFO] Opening URL: https://bluehorizon.blue-horizon.workers.dev/login
2026-07-30T06:11:08.468Z [INFO] Driver created for browser: chrome
2026-07-30T06:11:10.714Z [INFO] Driver created for browser: chrome
2026-07-30T06:11:10.718Z [INFO] Opening URL: https://bluehorizon.blue-horizon.workers.dev/login
2026-07-30T06:11:11.933Z [INFO] Driver created for browser: chrome
2026-07-30T06:11:11.933Z [INFO] Opening URL: https://bluehorizon.blue-horizon.workers.dev/login
2026-07-30T06:11:28.339Z [INFO] Driver created for browser: chrome
2026-07-30T06:11:29.636Z [INFO] Driver created for browser: chrome
2026-07-30T06:11:29.636Z [INFO] Opening URL: https://bluehorizon.blue-horizon.workers.dev/login
2026-07-30T06:11:34.001Z [INFO] Driver created for browser: chrome
2026-07-30T06:11:38.285Z [INFO] Driver created for browser: chrome
2026-07-30T06:11:42.059Z [INFO] Driver created for browser: chrome
2026-07-30T06:11:42.070Z [INFO] Opening URL: https://bluehorizon.blue-horizon.workers.dev/login
2026-07-30T06:11:48.285Z [INFO] Driver created for browser: chrome
2026-07-30T06:11:48.286Z [INFO] Opening URL: https://bluehorizon.blue-horizon.workers.dev/login
2026-07-30T06:12:00.484Z [INFO] Driver created for browser: chrome
2026-07-30T06:12:02.024Z [INFO] Driver created for browser: chrome
2026-07-30T06:12:02.110Z [INFO] Opening URL: https://bluehorizon.blue-horizon.workers.dev/login
2026-07-30T06:12:09.856Z [INFO] Driver created for browser: chrome
2026-07-30T06:12:09.857Z [INFO] Opening URL: https://bluehorizon.blue-horizon.workers.dev/login
2026-07-30T06:12:10.696Z [INFO] Driver created for browser: chrome
2026-07-30T06:12:14.804Z [INFO] Driver created for browser: chrome
2026-07-30T06:12:18.424Z [INFO] Driver created for browser: chrome
2026-07-30T06:12:21.427Z [INFO] Driver created for browser: chrome
2026-07-30T06:12:22.341Z [INFO] Driver created for browser: chrome
2026-07-30T06:12:25.890Z [INFO] Driver created for browser: chrome
2026-07-30T06:12:28.783Z [INFO] Driver created for browser: chrome
2026-07-30T06:12:28.784Z [INFO] Opening URL: https://bluehorizon.blue-horizon.workers.dev/login
2026-07-30T06:12:30.180Z [INFO] Driver created for browser: chrome
2026-07-30T06:12:30.181Z [INFO] Opening URL: https://bluehorizon.blue-horizon.workers.dev/login
2026-07-30T06:12:31.085Z [INFO] Driver created for browser: chrome
2026-07-30T06:12:31.086Z [INFO] Opening URL: https://bluehorizon.blue-horizon.workers.dev/login
2026-07-30T06:12:47.327Z [INFO] Driver created for browser: chrome
2026-07-30T06:12:47.327Z [INFO] Opening URL: https://bluehorizon.blue-horizon.workers.dev/login
2026-07-30T06:12:48.074Z [INFO] Driver created for browser: chrome
2026-07-30T06:12:48.075Z [INFO] Opening URL: https://bluehorizon.blue-horizon.workers.dev/login
2026-07-30T06:13:05.533Z [INFO] Driver created for browser: chrome
2026-07-30T06:13:05.533Z [INFO] Opening URL: https://bluehorizon.blue-horizon.workers.dev/login
2026-07-30T06:13:09.837Z [INFO] Driver created for browser: chrome
2026-07-30T06:13:09.838Z [INFO] Opening URL: https://bluehorizon.blue-horizon.workers.dev/login
2026-07-30T06:13:11.537Z [INFO] Driver created for browser: chrome
2026-07-30T06:13:14.251Z [INFO] Driver created for browser: chrome
2026-07-30T06:13:15.203Z [INFO] Driver created for browser: chrome
2026-07-30T06:13:15.952Z [INFO] Driver created for browser: chrome
2026-07-30T06:13:15.953Z [INFO] Opening URL: https://bluehorizon.blue-horizon.workers.dev/login
2026-07-30T06:13:17.691Z [INFO] Driver created for browser: chrome
2026-07-30T06:13:22.698Z [INFO] Driver created for browser: chrome
2026-07-30T06:13:22.699Z [INFO] Opening URL: https://bluehorizon.blue-horizon.workers.dev/login
2026-07-30T06:13:39.562Z [INFO] Driver created for browser: chrome
2026-07-30T06:13:43.619Z [INFO] Driver created for browser: chrome
2026-07-30T06:13:43.619Z [INFO] Opening URL: https://bluehorizon.blue-horizon.workers.dev/login
2026-07-30T06:13:45.316Z [INFO] Driver created for browser: chrome
2026-07-30T06:13:45.317Z [INFO] Opening URL: https://bluehorizon.blue-horizon.workers.dev/login
2026-07-30T06:14:02.368Z [INFO] Driver created for browser: chrome
2026-07-30T06:14:02.368Z [INFO] Opening URL: https://bluehorizon.blue-horizon.workers.dev/login
2026-07-30T06:14:19.182Z [INFO] Driver created for browser: chrome
2026-07-30T06:14:19.184Z [INFO] Opening URL: https://bluehorizon.blue-horizon.workers.dev/login
2026-07-30T06:14:43.196Z [INFO] Driver created for browser: chrome
2026-07-30T06:14:43.197Z [INFO] Opening URL: https://bluehorizon.blue-horizon.workers.dev/login
2026-07-30T06:15:00.252Z [INFO] Driver created for browser: chrome
2026-07-30T06:15:00.253Z [INFO] Opening URL: https://bluehorizon.blue-horizon.workers.dev/login
2026-07-30T06:15:17.453Z [INFO] Driver created for browser: chrome
2026-07-30T06:15:17.454Z [INFO] Opening URL: https://bluehorizon.blue-horizon.workers.dev/login
2026-07-30T06:15:35.744Z [INFO] Driver created for browser: chrome
2026-07-30T06:15:35.745Z [INFO] Opening URL: https://bluehorizon.blue-horizon.workers.dev/login
2026-07-30T06:15:43.500Z [INFO] Driver created for browser: chrome
2026-07-30T06:15:43.500Z [INFO] Opening URL: https://bluehorizon.blue-horizon.workers.dev/login
2026-07-30T06:16:11.375Z [INFO] Driver created for browser: chrome
2026-07-30T06:16:11.381Z [INFO] Opening URL: https://bluehorizon.blue-horizon.workers.dev/login
2026-07-30T06:16:28.359Z [INFO] Driver created for browser: chrome
2026-07-30T06:16:28.360Z [INFO] Opening URL: https://bluehorizon.blue-horizon.workers.dev/login
2026-07-30T06:16:45.210Z [INFO] Driver created for browser: chrome
2026-07-30T06:16:45.210Z [INFO] Opening URL: https://bluehorizon.blue-horizon.workers.dev/login
2026-07-30T06:17:02.028Z [INFO] Driver created for browser: chrome
2026-07-30T06:17:02.031Z [INFO] Opening URL: https://bluehorizon.blue-horizon.workers.dev/login
2026-07-30T06:17:19.235Z [INFO] Driver created for browser: chrome
2026-07-30T06:17:19.235Z [INFO] Opening URL: https://bluehorizon.blue-horizon.workers.dev/login
2026-07-30T06:17:35.974Z [INFO] Driver created for browser: chrome
2026-07-30T06:17:35.978Z [INFO] Opening URL: https://bluehorizon.blue-horizon.workers.dev
2026-07-30T06:17:37.256Z [INFO] Driver created for browser: chrome
2026-07-30T06:17:37.257Z [INFO] Opening URL: https://bluehorizon.blue-horizon.workers.dev
2026-07-30T06:17:38.787Z [INFO] Driver created for browser: chrome
2026-07-30T06:17:38.787Z [INFO] Opening URL: https://bluehorizon.blue-horizon.workers.dev
2026-07-30T06:17:40.535Z [INFO] Driver created for browser: chrome
2026-07-30T06:17:48.159Z [INFO] Driver created for browser: chrome
2026-07-30T06:17:50.312Z [INFO] Driver created for browser: chrome
2026-07-30T06:17:52.221Z [INFO] Driver created for browser: chrome
2026-07-30T06:17:52.221Z [INFO] Opening URL: https://bluehorizon.blue-horizon.workers.dev/login
2026-07-30T06:17:53.690Z [INFO] Driver created for browser: chrome
2026-07-30T06:17:53.692Z [INFO] Opening URL: https://bluehorizon.blue-horizon.workers.dev/forgot-password
2026-07-30T06:17:54.987Z [INFO] Driver created for browser: chrome
2026-07-30T06:17:54.988Z [INFO] Opening URL: https://bluehorizon.blue-horizon.workers.dev/login
2026-07-30T06:18:13.425Z [INFO] Driver created for browser: chrome
2026-07-30T06:18:13.428Z [INFO] Opening URL: https://bluehorizon.blue-horizon.workers.dev/login
2026-07-30T06:18:30.347Z [INFO] Driver created for browser: chrome
2026-07-30T06:18:30.348Z [INFO] Opening URL: https://bluehorizon.blue-horizon.workers.dev/login
2026-07-30T06:18:47.270Z [INFO] Driver created for browser: chrome
2026-07-30T06:18:50.754Z [INFO] Driver created for browser: chrome
2026-07-30T06:18:50.755Z [INFO] Opening URL: https://bluehorizon.blue-horizon.workers.dev/xyz-unknown-route-9999
2026-07-30T06:18:53.535Z [INFO] Driver created for browser: chrome
2026-07-30T06:18:56.870Z [INFO] Driver created for browser: chrome
2026-07-30T06:18:59.802Z [INFO] Driver created for browser: chrome
2026-07-30T06:19:02.303Z [INFO] Driver created for browser: chrome
2026-07-30T06:19:05.733Z [INFO] Driver created for browser: chrome
2026-07-30T06:19:05.734Z [INFO] Opening URL: https://bluehorizon.blue-horizon.workers.dev
2026-07-30T06:19:06.943Z [INFO] Opening URL: https://bluehorizon.blue-horizon.workers.dev/login
2026-07-30T06:19:09.000Z [INFO] Driver created for browser: chrome
2026-07-30T06:19:12.549Z [INFO] Driver created for browser: chrome
2026-07-30T06:19:12.550Z [INFO] Opening URL: https://bluehorizon.blue-horizon.workers.dev/login
2026-07-30T06:19:14.950Z [INFO] Driver created for browser: chrome
2026-07-30T06:19:17.568Z [INFO] Driver created for browser: chrome
2026-07-30T06:19:20.536Z [INFO] Driver created for browser: chrome
2026-07-30T06:19:20.537Z [INFO] Opening URL: https://bluehorizon.blue-horizon.workers.dev/login
2026-07-30T06:19:22.437Z [INFO] Driver created for browser: chrome
2026-07-30T06:19:22.437Z [INFO] Opening URL: https://bluehorizon.blue-horizon.workers.dev/login
2026-07-30T06:19:39.136Z [INFO] Driver created for browser: chrome
2026-07-30T06:19:39.137Z [INFO] Opening URL: https://bluehorizon.blue-horizon.workers.dev/login
2026-07-30T06:19:56.167Z [INFO] Driver created for browser: chrome
2026-07-30T06:19:56.168Z [INFO] Opening URL: https://bluehorizon.blue-horizon.workers.dev/login
2026-07-30T06:20:13.750Z [INFO] Driver created for browser: chrome
2026-07-30T06:20:13.751Z [INFO] Opening URL: https://bluehorizon.blue-horizon.workers.dev/login
2026-07-30T06:20:15.564Z [INFO] Driver created for browser: chrome
2026-07-30T06:20:15.564Z [INFO] Opening URL: https://bluehorizon.blue-horizon.workers.dev/login
2026-07-30T06:20:32.583Z [INFO] Driver created for browser: chrome
2026-07-30T06:20:32.584Z [INFO] Opening URL: https://bluehorizon.blue-horizon.workers.dev/login
2026-07-30T06:20:49.914Z [INFO] Driver created for browser: chrome
2026-07-30T06:20:50.006Z [INFO] Opening URL: https://bluehorizon.blue-horizon.workers.dev/login
2026-07-30T06:21:08.380Z [INFO] Driver created for browser: chrome
2026-07-30T06:21:08.380Z [INFO] Opening URL: https://bluehorizon.blue-horizon.workers.dev/login
2026-07-30T06:21:16.721Z [INFO] Driver created for browser: chrome
2026-07-30T06:21:16.722Z [INFO] Opening URL: https://bluehorizon.blue-horizon.workers.dev/login
2026-07-30T06:21:28.842Z [INFO] Driver created for browser: chrome
2026-07-30T06:21:28.843Z [INFO] Opening URL: https://bluehorizon.blue-horizon.workers.dev/login
2026-07-30T06:21:46.473Z [INFO] Driver created for browser: chrome
2026-07-30T06:21:46.473Z [INFO] Opening URL: https://bluehorizon.blue-horizon.workers.dev/login
2026-07-30T06:22:04.171Z [INFO] Driver created for browser: chrome
2026-07-30T06:22:04.176Z [INFO] Opening URL: https://bluehorizon.blue-horizon.workers.dev/login
2026-07-30T06:22:22.207Z [INFO] Driver created for browser: chrome
2026-07-30T06:22:22.220Z [INFO] Opening URL: https://bluehorizon.blue-horizon.workers.dev/login
2026-07-30T06:22:39.642Z [INFO] Driver created for browser: chrome
2026-07-30T06:22:39.643Z [INFO] Opening URL: https://bluehorizon.blue-horizon.workers.dev/login
2026-07-30T06:22:42.021Z [INFO] Driver created for browser: chrome
2026-07-30T06:22:42.023Z [INFO] Opening URL: https://bluehorizon.blue-horizon.workers.dev/login
2026-07-30T06:22:48.421Z [INFO] Driver created for browser: chrome
2026-07-30T06:22:48.421Z [INFO] Opening URL: https://bluehorizon.blue-horizon.workers.dev/login
2026-07-30T06:22:55.064Z [INFO] Driver created for browser: chrome
2026-07-30T06:22:55.065Z [INFO] Opening URL: https://bluehorizon.blue-horizon.workers.dev/login
2026-07-30T06:23:01.724Z [INFO] Driver created for browser: chrome
2026-07-30T06:23:01.725Z [INFO] Opening URL: https://bluehorizon.blue-horizon.workers.dev/login
2026-07-30T06:23:19.442Z [INFO] Driver created for browser: chrome
2026-07-30T06:23:19.453Z [INFO] Opening URL: https://bluehorizon.blue-horizon.workers.dev/login
2026-07-30T06:23:22.473Z [INFO] Driver created for browser: chrome
2026-07-30T06:23:22.474Z [INFO] Opening URL: https://bluehorizon.blue-horizon.workers.dev/forgot-password
2026-07-30T06:23:29.926Z [INFO] Driver created for browser: chrome
2026-07-30T06:23:29.926Z [INFO] Opening URL: https://bluehorizon.blue-horizon.workers.dev/forgot-password
2026-07-30T06:23:48.073Z [INFO] Driver created for browser: chrome
2026-07-30T06:23:48.074Z [INFO] Opening URL: https://bluehorizon.blue-horizon.workers.dev/forgot-password
2026-07-30T06:24:05.607Z [INFO] Driver created for browser: chrome
2026-07-30T06:24:05.608Z [INFO] Opening URL: https://bluehorizon.blue-horizon.workers.dev/forgot-password
2026-07-30T06:24:22.969Z [INFO] Driver created for browser: chrome
2026-07-30T06:24:22.970Z [INFO] Opening URL: https://bluehorizon.blue-horizon.workers.dev/forgot-password
2026-07-30T06:24:25.573Z [INFO] Driver created for browser: chrome
2026-07-30T06:24:25.574Z [INFO] Opening URL: https://bluehorizon.blue-horizon.workers.dev
2026-07-30T06:24:26.771Z [INFO] Driver created for browser: chrome
2026-07-30T06:24:26.772Z [INFO] Opening URL: https://bluehorizon.blue-horizon.workers.dev/login
2026-07-30T06:24:28.055Z [INFO] Driver created for browser: chrome
2026-07-30T06:24:28.056Z [INFO] Opening URL: https://bluehorizon.blue-horizon.workers.dev/login
2026-07-30T06:24:34.856Z [INFO] Driver created for browser: chrome
2026-07-30T06:24:34.856Z [INFO] Opening URL: https://bluehorizon.blue-horizon.workers.dev/login
2026-07-30T06:24:36.486Z [INFO] Driver created for browser: chrome
2026-07-30T06:24:36.487Z [INFO] Opening URL: https://bluehorizon.blue-horizon.workers.dev/login
2026-07-30T06:24:43.323Z [INFO] Driver created for browser: chrome
2026-07-30T06:24:43.324Z [INFO] Opening URL: https://bluehorizon.blue-horizon.workers.dev/login
2026-07-30T06:24:58.505Z [INFO] Driver created for browser: chrome
2026-07-30T06:24:58.505Z [INFO] Opening URL: https://bluehorizon.blue-horizon.workers.dev
2026-07-30T06:24:59.944Z [INFO] Driver created for browser: chrome
2026-07-30T06:24:59.944Z [INFO] Opening URL: https://bluehorizon.blue-horizon.workers.dev/login
2026-07-30T06:25:01.549Z [INFO] Driver created for browser: chrome
2026-07-30T06:25:01.549Z [INFO] Opening URL: https://bluehorizon.blue-horizon.workers.dev
2026-07-30T06:25:03.346Z [INFO] Driver created for browser: chrome
2026-07-30T06:25:03.347Z [INFO] Opening URL: https://bluehorizon.blue-horizon.workers.dev
2026-07-30T06:25:04.805Z [INFO] Driver created for browser: chrome
2026-07-30T06:25:04.806Z [INFO] Opening URL: https://bluehorizon.blue-horizon.workers.dev/login
2026-07-30T06:25:06.056Z [INFO] Driver created for browser: chrome
2026-07-30T06:25:06.057Z [INFO] Opening URL: https://bluehorizon.blue-horizon.workers.dev/login
2026-07-30T06:25:16.269Z [INFO] Driver created for browser: chrome
2026-07-30T06:25:16.271Z [INFO] Opening URL: https://bluehorizon.blue-horizon.workers.dev/login
2026-07-30T07:07:25.032Z [INFO] Driver created for browser: chrome
2026-07-30T07:07:25.051Z [INFO] Opening URL: https://bluehorizon.blue-horizon.workers.dev/login
2026-07-30T07:08:37.651Z [INFO] Driver created for browser: chrome
2026-07-30T07:08:37.766Z [INFO] Opening URL: https://bluehorizon.blue-horizon.workers.dev/login
2026-07-30T07:09:40.111Z [INFO] Driver created for browser: chrome
2026-07-30T07:10:01.691Z [INFO] Driver created for browser: chrome
2026-07-30T07:10:01.691Z [INFO] Opening URL: https://bluehorizon.blue-horizon.workers.dev/login
2026-07-30T08:11:12.103Z [INFO] Driver created for browser: chrome
2026-07-30T08:11:12.106Z [INFO] Opening URL: https://bluehorizon.blue-horizon.workers.dev/login
2026-07-30T08:11:23.602Z [INFO] Driver created for browser: chrome
2026-07-30T08:11:23.604Z [INFO] Opening URL: https://bluehorizon.blue-horizon.workers.dev/login
2026-07-30T08:11:43.559Z [INFO] Driver created for browser: chrome
2026-07-30T08:11:48.203Z [INFO] Driver created for browser: chrome
2026-07-30T08:11:53.277Z [INFO] Driver created for browser: chrome
2026-07-30T08:11:54.839Z [INFO] Driver created for browser: chrome
2026-07-30T08:12:01.985Z [INFO] Driver created for browser: chrome
2026-07-30T08:12:06.690Z [INFO] Driver created for browser: chrome
2026-07-30T08:12:06.691Z [INFO] Opening URL: https://bluehorizon.blue-horizon.workers.dev/login
2026-07-30T08:12:25.598Z [INFO] Driver created for browser: chrome
2026-07-30T08:12:25.599Z [INFO] Opening URL: https://bluehorizon.blue-horizon.workers.dev/login
2026-07-30T08:12:45.651Z [INFO] Driver created for browser: chrome
2026-07-30T08:12:45.653Z [INFO] Opening URL: https://bluehorizon.blue-horizon.workers.dev/login
2026-07-30T08:13:04.088Z [INFO] Driver created for browser: chrome
2026-07-30T08:13:04.089Z [INFO] Opening URL: https://bluehorizon.blue-horizon.workers.dev/login
2026-07-30T08:13:23.543Z [INFO] Driver created for browser: chrome
2026-07-30T08:13:23.544Z [INFO] Opening URL: https://bluehorizon.blue-horizon.workers.dev/login
2026-07-30T08:13:33.995Z [INFO] Driver created for browser: chrome
2026-07-30T08:13:46.398Z [INFO] Driver created for browser: chrome
2026-07-30T08:13:46.398Z [INFO] Opening URL: https://bluehorizon.blue-horizon.workers.dev/login
2026-07-30T08:13:54.456Z [INFO] Driver created for browser: chrome
2026-07-30T08:14:06.816Z [INFO] Driver created for browser: chrome
2026-07-30T08:14:20.119Z [INFO] Driver created for browser: chrome
2026-07-30T08:14:30.912Z [INFO] Driver created for browser: chrome
2026-07-30T08:14:30.912Z [INFO] Opening URL: https://bluehorizon.blue-horizon.workers.dev/login
2026-07-30T08:14:37.492Z [INFO] Driver created for browser: chrome
2026-07-30T08:14:37.494Z [INFO] Opening URL: https://bluehorizon.blue-horizon.workers.dev/login
2026-07-30T08:14:42.283Z [INFO] Driver created for browser: chrome
2026-07-30T08:14:42.284Z [INFO] Opening URL: https://bluehorizon.blue-horizon.workers.dev/login
2026-07-30T08:15:04.333Z [INFO] Driver created for browser: chrome
2026-07-30T08:15:15.561Z [INFO] Driver created for browser: chrome
2026-07-30T08:15:20.572Z [INFO] Driver created for browser: chrome
2026-07-30T08:15:26.522Z [INFO] Driver created for browser: chrome
2026-07-30T08:15:29.062Z [INFO] Driver created for browser: chrome
2026-07-30T08:15:35.041Z [INFO] Driver created for browser: chrome
2026-07-30T08:15:42.413Z [INFO] Driver created for browser: chrome
2026-07-30T08:15:42.414Z [INFO] Opening URL: https://bluehorizon.blue-horizon.workers.dev/login
2026-07-30T08:16:09.139Z [INFO] Driver created for browser: chrome
2026-07-30T08:16:09.140Z [INFO] Opening URL: https://bluehorizon.blue-horizon.workers.dev/login
2026-07-30T08:16:28.991Z [INFO] Driver created for browser: chrome
2026-07-30T08:16:28.992Z [INFO] Opening URL: https://bluehorizon.blue-horizon.workers.dev/login
2026-07-30T08:16:34.808Z [INFO] Driver created for browser: chrome
2026-07-30T08:16:41.060Z [INFO] Driver created for browser: chrome
2026-07-30T08:16:43.715Z [INFO] Driver created for browser: chrome
2026-07-30T08:16:44.837Z [INFO] Driver created for browser: chrome
2026-07-30T08:16:44.837Z [INFO] Opening URL: https://bluehorizon.blue-horizon.workers.dev/login
2026-07-30T08:16:47.701Z [INFO] Driver created for browser: chrome
2026-07-30T08:16:50.216Z [INFO] Driver created for browser: chrome
2026-07-30T08:16:50.217Z [INFO] Opening URL: https://bluehorizon.blue-horizon.workers.dev
2026-07-30T08:17:01.225Z [INFO] Driver created for browser: chrome
2026-07-30T08:17:01.226Z [INFO] Opening URL: https://bluehorizon.blue-horizon.workers.dev/login
2026-07-30T08:17:03.443Z [INFO] Driver created for browser: chrome
2026-07-30T08:17:03.444Z [INFO] Opening URL: https://bluehorizon.blue-horizon.workers.dev/login
2026-07-30T08:17:06.077Z [INFO] Driver created for browser: chrome
2026-07-30T08:17:06.077Z [INFO] Opening URL: https://bluehorizon.blue-horizon.workers.dev/login
2026-07-30T08:17:27.555Z [INFO] Driver created for browser: chrome
2026-07-30T08:17:27.555Z [INFO] Opening URL: https://bluehorizon.blue-horizon.workers.dev/login
2026-07-30T08:17:50.091Z [INFO] Driver created for browser: chrome
2026-07-30T08:17:50.091Z [INFO] Opening URL: https://bluehorizon.blue-horizon.workers.dev
2026-07-30T08:18:08.217Z [INFO] Driver created for browser: chrome
2026-07-30T08:18:08.218Z [INFO] Opening URL: https://bluehorizon.blue-horizon.workers.dev/login
2026-07-30T08:18:25.983Z [INFO] Driver created for browser: chrome
2026-07-30T08:18:25.984Z [INFO] Opening URL: https://bluehorizon.blue-horizon.workers.dev/login
2026-07-30T08:18:53.912Z [INFO] Driver created for browser: chrome
2026-07-30T08:18:53.913Z [INFO] Opening URL: https://bluehorizon.blue-horizon.workers.dev
2026-07-30T08:19:04.003Z [INFO] Driver created for browser: chrome
2026-07-30T08:19:21.388Z [INFO] Driver created for browser: chrome
2026-07-30T08:19:21.389Z [INFO] Opening URL: https://bluehorizon.blue-horizon.workers.dev/login
2026-07-30T08:19:26.594Z [INFO] Driver created for browser: chrome
2026-07-30T08:19:26.595Z [INFO] Opening URL: https://bluehorizon.blue-horizon.workers.dev/login
2026-07-30T08:19:46.970Z [INFO] Driver created for browser: chrome
2026-07-30T08:19:46.972Z [INFO] Opening URL: https://bluehorizon.blue-horizon.workers.dev/login
2026-07-30T08:20:05.526Z [INFO] Driver created for browser: chrome
2026-07-30T08:20:05.526Z [INFO] Opening URL: https://bluehorizon.blue-horizon.workers.dev/login
2026-07-30T08:20:24.597Z [INFO] Driver created for browser: chrome
2026-07-30T08:20:24.598Z [INFO] Opening URL: https://bluehorizon.blue-horizon.workers.dev/login
2026-07-30T08:20:55.938Z [INFO] Driver created for browser: chrome
2026-07-30T08:20:55.939Z [INFO] Opening URL: https://bluehorizon.blue-horizon.workers.dev/login
2026-07-30T08:21:39.094Z [INFO] Driver created for browser: chrome
2026-07-30T08:21:39.095Z [INFO] Opening URL: https://bluehorizon.blue-horizon.workers.dev/login
2026-07-30T08:22:24.678Z [INFO] Driver created for browser: chrome
2026-07-30T08:22:24.678Z [INFO] Opening URL: https://bluehorizon.blue-horizon.workers.dev/login
2026-07-30T08:22:51.570Z [INFO] Driver created for browser: chrome
2026-07-30T08:22:51.571Z [INFO] Opening URL: https://bluehorizon.blue-horizon.workers.dev/login
2026-07-30T08:23:22.132Z [INFO] Driver created for browser: chrome
2026-07-30T08:23:22.138Z [INFO] Opening URL: https://bluehorizon.blue-horizon.workers.dev/login
2026-07-30T08:23:57.572Z [INFO] Driver created for browser: chrome
2026-07-30T08:23:57.572Z [INFO] Opening URL: https://bluehorizon.blue-horizon.workers.dev/login
2026-07-30T08:24:28.760Z [INFO] Driver created for browser: chrome
2026-07-30T08:24:59.771Z [INFO] Driver created for browser: chrome
2026-07-30T08:24:59.771Z [INFO] Opening URL: https://bluehorizon.blue-horizon.workers.dev/login
2026-07-30T08:25:36.781Z [INFO] Driver created for browser: chrome
2026-07-30T08:25:36.782Z [INFO] Opening URL: https://bluehorizon.blue-horizon.workers.dev/login
2026-07-30T08:26:03.850Z [INFO] Driver created for browser: chrome
2026-07-30T08:26:03.852Z [INFO] Opening URL: https://bluehorizon.blue-horizon.workers.dev/login
2026-07-30T08:26:34.400Z [INFO] Driver created for browser: chrome
2026-07-30T08:26:34.400Z [INFO] Opening URL: https://bluehorizon.blue-horizon.workers.dev/login
2026-07-30T08:27:01.787Z [INFO] Driver created for browser: chrome
2026-07-30T08:27:01.787Z [INFO] Opening URL: https://bluehorizon.blue-horizon.workers.dev/login
2026-07-30T08:27:06.927Z [INFO] Driver created for browser: chrome
2026-07-30T08:27:06.927Z [INFO] Opening URL: https://bluehorizon.blue-horizon.workers.dev/login
2026-07-30T08:27:40.314Z [INFO] Driver created for browser: chrome
2026-07-30T08:27:40.315Z [INFO] Opening URL: https://bluehorizon.blue-horizon.workers.dev/login
2026-07-30T08:28:17.861Z [INFO] Driver created for browser: chrome
2026-07-30T08:28:17.864Z [INFO] Opening URL: https://bluehorizon.blue-horizon.workers.dev/login
2026-07-30T08:28:49.110Z [INFO] Driver created for browser: chrome
2026-07-30T08:28:49.111Z [INFO] Opening URL: https://bluehorizon.blue-horizon.workers.dev/login
2026-07-30T08:29:20.285Z [INFO] Driver created for browser: chrome
2026-07-30T08:29:20.285Z [INFO] Opening URL: https://bluehorizon.blue-horizon.workers.dev/login
2026-07-30T08:29:47.063Z [INFO] Driver created for browser: chrome
2026-07-30T08:29:47.063Z [INFO] Opening URL: https://bluehorizon.blue-horizon.workers.dev/login
2026-07-30T08:29:55.722Z [INFO] Driver created for browser: chrome
2026-07-30T08:29:55.723Z [INFO] Opening URL: https://bluehorizon.blue-horizon.workers.dev/login
2026-07-30T08:30:34.759Z [INFO] Driver created for browser: chrome
2026-07-30T08:30:34.759Z [INFO] Opening URL: https://bluehorizon.blue-horizon.workers.dev/login
2026-07-30T08:31:05.975Z [INFO] Driver created for browser: chrome
2026-07-30T08:31:38.587Z [INFO] Driver created for browser: chrome
2026-07-30T08:31:38.597Z [INFO] Opening URL: https://bluehorizon.blue-horizon.workers.dev/login
2026-07-30T08:32:05.298Z [INFO] Driver created for browser: chrome
2026-07-30T08:32:05.299Z [INFO] Opening URL: https://bluehorizon.blue-horizon.workers.dev/login
2026-07-30T08:32:24.389Z [INFO] Driver created for browser: chrome
2026-07-30T08:32:24.389Z [INFO] Opening URL: https://bluehorizon.blue-horizon.workers.dev/login
2026-07-30T08:32:46.751Z [INFO] Driver created for browser: chrome
2026-07-30T08:32:46.752Z [INFO] Opening URL: https://bluehorizon.blue-horizon.workers.dev/login
2026-07-30T08:33:10.247Z [INFO] Driver created for browser: chrome
2026-07-30T08:33:10.247Z [INFO] Opening URL: https://bluehorizon.blue-horizon.workers.dev/login
2026-07-30T08:33:31.251Z [INFO] Driver created for browser: chrome
2026-07-30T08:33:31.255Z [INFO] Opening URL: https://bluehorizon.blue-horizon.workers.dev/login
2026-07-30T08:33:50.618Z [INFO] Driver created for browser: chrome
2026-07-30T08:33:50.624Z [INFO] Opening URL: https://bluehorizon.blue-horizon.workers.dev/login
2026-07-30T08:33:55.814Z [INFO] Driver created for browser: chrome
2026-07-30T08:33:55.816Z [INFO] Opening URL: https://bluehorizon.blue-horizon.workers.dev/login
2026-07-30T08:34:09.080Z [INFO] Driver created for browser: chrome
2026-07-30T08:34:09.083Z [INFO] Opening URL: https://bluehorizon.blue-horizon.workers.dev/login
2026-07-30T08:34:36.933Z [INFO] Driver created for browser: chrome
2026-07-30T08:34:36.935Z [INFO] Opening URL: https://bluehorizon.blue-horizon.workers.dev/login
2026-07-30T08:35:05.806Z [INFO] Driver created for browser: chrome
2026-07-30T08:35:05.806Z [INFO] Opening URL: https://bluehorizon.blue-horizon.workers.dev/login
2026-07-30T08:35:37.256Z [INFO] Driver created for browser: chrome
2026-07-30T08:35:37.258Z [INFO] Opening URL: https://bluehorizon.blue-horizon.workers.dev/login
2026-07-30T08:36:05.353Z [INFO] Driver created for browser: chrome
2026-07-30T08:36:05.353Z [INFO] Opening URL: https://bluehorizon.blue-horizon.workers.dev/login
2026-07-30T08:36:29.708Z [INFO] Driver created for browser: chrome
2026-07-30T08:36:29.708Z [INFO] Opening URL: https://bluehorizon.blue-horizon.workers.dev/login
2026-07-30T08:37:07.758Z [INFO] Driver created for browser: chrome
2026-07-30T08:37:07.758Z [INFO] Opening URL: https://bluehorizon.blue-horizon.workers.dev
2026-07-30T08:37:11.512Z [INFO] Driver created for browser: chrome
2026-07-30T08:37:11.512Z [INFO] Opening URL: https://bluehorizon.blue-horizon.workers.dev
2026-07-30T08:37:15.211Z [INFO] Driver created for browser: chrome
2026-07-30T08:37:15.212Z [INFO] Opening URL: https://bluehorizon.blue-horizon.workers.dev
2026-07-30T08:37:17.897Z [INFO] Driver created for browser: chrome
2026-07-30T08:37:28.673Z [INFO] Driver created for browser: chrome
2026-07-30T08:37:35.696Z [INFO] Driver created for browser: chrome
2026-07-30T08:37:39.487Z [INFO] Driver created for browser: chrome
2026-07-30T08:37:39.488Z [INFO] Opening URL: https://bluehorizon.blue-horizon.workers.dev/login
2026-07-30T08:37:44.601Z [INFO] Driver created for browser: chrome
2026-07-30T08:37:44.603Z [INFO] Opening URL: https://bluehorizon.blue-horizon.workers.dev/forgot-password
2026-07-30T08:37:47.965Z [INFO] Driver created for browser: chrome
2026-07-30T08:37:47.966Z [INFO] Opening URL: https://bluehorizon.blue-horizon.workers.dev/login
2026-07-30T08:38:08.071Z [INFO] Driver created for browser: chrome
2026-07-30T08:38:08.078Z [INFO] Opening URL: https://bluehorizon.blue-horizon.workers.dev/login
2026-07-30T08:38:30.109Z [INFO] Driver created for browser: chrome
2026-07-30T08:38:30.113Z [INFO] Opening URL: https://bluehorizon.blue-horizon.workers.dev/login
2026-07-30T08:38:36.511Z [INFO] Driver created for browser: chrome
2026-07-30T08:38:40.869Z [INFO] Driver created for browser: chrome
2026-07-30T08:38:40.891Z [INFO] Opening URL: https://bluehorizon.blue-horizon.workers.dev/xyz-unknown-route-9999
2026-07-30T08:38:46.049Z [INFO] Driver created for browser: chrome
2026-07-30T08:38:52.360Z [INFO] Driver created for browser: chrome
2026-07-30T08:38:59.365Z [INFO] Driver created for browser: chrome
2026-07-30T08:39:03.164Z [INFO] Driver created for browser: chrome
2026-07-30T08:39:06.496Z [INFO] Driver created for browser: chrome
2026-07-30T08:39:06.497Z [INFO] Opening URL: https://bluehorizon.blue-horizon.workers.dev
2026-07-30T08:39:15.606Z [INFO] Opening URL: https://bluehorizon.blue-horizon.workers.dev/login
2026-07-30T08:39:18.829Z [INFO] Driver created for browser: chrome
2026-07-30T08:39:25.022Z [INFO] Driver created for browser: chrome
2026-07-30T08:39:25.024Z [INFO] Opening URL: https://bluehorizon.blue-horizon.workers.dev/login
2026-07-30T08:39:56.761Z [INFO] Driver created for browser: chrome
2026-07-30T08:40:28.428Z [INFO] Driver created for browser: chrome
2026-07-30T08:40:35.144Z [INFO] Driver created for browser: chrome
2026-07-30T08:40:35.145Z [INFO] Opening URL: https://bluehorizon.blue-horizon.workers.dev/login
2026-07-30T08:41:03.094Z [INFO] Driver created for browser: chrome
2026-07-30T08:41:03.095Z [INFO] Opening URL: https://bluehorizon.blue-horizon.workers.dev/login
2026-07-30T08:41:08.993Z [INFO] Driver created for browser: chrome
2026-07-30T08:41:08.993Z [INFO] Opening URL: https://bluehorizon.blue-horizon.workers.dev/login
2026-07-30T08:41:27.660Z [INFO] Driver created for browser: chrome
2026-07-30T08:41:27.661Z [INFO] Opening URL: https://bluehorizon.blue-horizon.workers.dev/login
2026-07-30T08:41:45.824Z [INFO] Driver created for browser: chrome
2026-07-30T08:41:45.825Z [INFO] Opening URL: https://bluehorizon.blue-horizon.workers.dev/login
2026-07-30T08:42:04.520Z [INFO] Driver created for browser: chrome
2026-07-30T08:42:04.520Z [INFO] Opening URL: https://bluehorizon.blue-horizon.workers.dev/login
2026-07-30T08:42:22.284Z [INFO] Driver created for browser: chrome
2026-07-30T08:42:22.293Z [INFO] Opening URL: https://bluehorizon.blue-horizon.workers.dev/login
2026-07-30T08:42:39.677Z [INFO] Driver created for browser: chrome
2026-07-30T08:42:39.679Z [INFO] Opening URL: https://bluehorizon.blue-horizon.workers.dev/login
2026-07-30T08:42:58.499Z [INFO] Driver created for browser: chrome
2026-07-30T08:42:58.500Z [INFO] Opening URL: https://bluehorizon.blue-horizon.workers.dev/login
2026-07-30T08:43:05.885Z [INFO] Driver created for browser: chrome
2026-07-30T08:43:05.886Z [INFO] Opening URL: https://bluehorizon.blue-horizon.workers.dev/login
2026-07-30T08:43:17.597Z [INFO] Driver created for browser: chrome
2026-07-30T08:43:17.598Z [INFO] Opening URL: https://bluehorizon.blue-horizon.workers.dev/login
2026-07-30T08:43:20.296Z [INFO] Driver created for browser: chrome
2026-07-30T08:43:20.296Z [INFO] Opening URL: https://bluehorizon.blue-horizon.workers.dev/login
2026-07-30T08:43:37.431Z [INFO] Driver created for browser: chrome
2026-07-30T08:43:37.432Z [INFO] Opening URL: https://bluehorizon.blue-horizon.workers.dev/login
2026-07-30T08:43:55.018Z [INFO] Driver created for browser: chrome
2026-07-30T08:43:55.019Z [INFO] Opening URL: https://bluehorizon.blue-horizon.workers.dev/login
2026-07-30T08:44:13.522Z [INFO] Driver created for browser: chrome
2026-07-30T08:44:13.523Z [INFO] Opening URL: https://bluehorizon.blue-horizon.workers.dev/login
2026-07-30T08:44:16.387Z [INFO] Driver created for browser: chrome
2026-07-30T08:44:16.388Z [INFO] Opening URL: https://bluehorizon.blue-horizon.workers.dev/login
2026-07-30T08:44:23.091Z [INFO] Driver created for browser: chrome
2026-07-30T08:44:23.091Z [INFO] Opening URL: https://bluehorizon.blue-horizon.workers.dev/login
2026-07-30T08:44:29.970Z [INFO] Driver created for browser: chrome
2026-07-30T08:44:29.971Z [INFO] Opening URL: https://bluehorizon.blue-horizon.workers.dev/login
2026-07-30T08:44:39.903Z [INFO] Driver created for browser: chrome
2026-07-30T08:44:39.907Z [INFO] Opening URL: https://bluehorizon.blue-horizon.workers.dev/login
2026-07-30T08:44:58.954Z [INFO] Driver created for browser: chrome
2026-07-30T08:44:58.955Z [INFO] Opening URL: https://bluehorizon.blue-horizon.workers.dev/login
2026-07-30T08:45:01.420Z [INFO] Driver created for browser: chrome
2026-07-30T08:45:01.421Z [INFO] Opening URL: https://bluehorizon.blue-horizon.workers.dev/forgot-password
2026-07-30T08:45:04.254Z [INFO] Driver created for browser: chrome
2026-07-30T08:45:04.255Z [INFO] Opening URL: https://bluehorizon.blue-horizon.workers.dev/forgot-password
2026-07-30T08:45:23.063Z [INFO] Driver created for browser: chrome
2026-07-30T08:45:23.064Z [INFO] Opening URL: https://bluehorizon.blue-horizon.workers.dev/forgot-password
2026-07-30T08:45:41.715Z [INFO] Driver created for browser: chrome
2026-07-30T08:45:41.716Z [INFO] Opening URL: https://bluehorizon.blue-horizon.workers.dev/forgot-password
2026-07-30T08:46:00.059Z [INFO] Driver created for browser: chrome
2026-07-30T08:46:00.059Z [INFO] Opening URL: https://bluehorizon.blue-horizon.workers.dev/forgot-password
2026-07-30T08:46:02.681Z [INFO] Driver created for browser: chrome
2026-07-30T08:46:02.682Z [INFO] Opening URL: https://bluehorizon.blue-horizon.workers.dev
2026-07-30T08:46:04.498Z [INFO] Driver created for browser: chrome
2026-07-30T08:46:04.499Z [INFO] Opening URL: https://bluehorizon.blue-horizon.workers.dev/login
2026-07-30T08:46:06.180Z [INFO] Driver created for browser: chrome
2026-07-30T08:46:06.181Z [INFO] Opening URL: https://bluehorizon.blue-horizon.workers.dev/login
2026-07-30T08:46:12.995Z [INFO] Driver created for browser: chrome
2026-07-30T08:46:12.995Z [INFO] Opening URL: https://bluehorizon.blue-horizon.workers.dev/login
2026-07-30T08:46:14.767Z [INFO] Driver created for browser: chrome
2026-07-30T08:46:14.767Z [INFO] Opening URL: https://bluehorizon.blue-horizon.workers.dev/login
2026-07-30T08:46:22.487Z [INFO] Driver created for browser: chrome
2026-07-30T08:46:22.489Z [INFO] Opening URL: https://bluehorizon.blue-horizon.workers.dev/login
2026-07-30T08:46:39.795Z [INFO] Driver created for browser: chrome
2026-07-30T08:46:39.796Z [INFO] Opening URL: https://bluehorizon.blue-horizon.workers.dev
2026-07-30T08:46:41.151Z [INFO] Driver created for browser: chrome
2026-07-30T08:46:41.153Z [INFO] Opening URL: https://bluehorizon.blue-horizon.workers.dev/login
2026-07-30T08:46:43.486Z [INFO] Driver created for browser: chrome
2026-07-30T08:46:43.488Z [INFO] Opening URL: https://bluehorizon.blue-horizon.workers.dev
2026-07-30T08:46:57.325Z [INFO] Driver created for browser: chrome
2026-07-30T08:46:57.326Z [INFO] Opening URL: https://bluehorizon.blue-horizon.workers.dev
2026-07-30T08:47:00.424Z [INFO] Driver created for browser: chrome
2026-07-30T08:47:00.427Z [INFO] Opening URL: https://bluehorizon.blue-horizon.workers.dev/login
